// Jest Snapshot v1, https://goo.gl/fbAQLP

exports[`App Component renders well 1`] = `
<styled.main>
  <Header />
  <Posts />
</styled.main>
`;
