// Jest Snapshot v1, https://goo.gl/fbAQLP

exports[`Header component renders correctly 1`] = `
<styled.section>
  <HoverLink
    page="https://www.github.com/schnogz/jest-enzyme-playground.git"
  >
    Jest Enzyme Test Playground
  </HoverLink>
</styled.section>
`;
