// Jest Snapshot v1, https://goo.gl/fbAQLP

exports[`Post component tree renders correctly with title 1`] = `
<styled.div>
  <styled.a
    href="fake"
    target="_blank"
  >
    Test
  </styled.a>
</styled.div>
`;
